<?php return array (
  0 => 'Symfony\\Bundle\\FrameworkBundle\\Controller\\AbstractController',
  1 => 'App\\Controller\\ApprenantController',
  2 => 'App\\Controller\\CompetenceController',
  3 => 'App\\Controller\\ProfilController',
  4 => 'App\\Controller\\USerController',
  5 => 'App\\Entity\\Apprenant',
  6 => 'App\\Entity\\Brief',
  7 => 'App\\Entity\\CM',
  8 => 'App\\Entity\\Chat',
  9 => 'App\\Entity\\Competence',
  10 => 'App\\Entity\\Formateur',
  11 => 'App\\Entity\\GroupeCompetence',
  12 => 'App\\Entity\\LivrablePartiel',
  13 => 'App\\Entity\\Niveau',
  14 => 'App\\Entity\\Profil',
  15 => 'App\\Entity\\ProfilSortie',
  16 => 'App\\Entity\\User',
  17 => 'Doctrine\\Bundle\\DoctrineBundle\\Controller\\ProfilerController',
  18 => 'Doctrine\\ORM\\Cache\\Persister\\Entity\\AbstractEntityPersister',
  19 => 'Doctrine\\ORM\\Cache\\Persister\\Entity\\CachedEntityPersister',
  20 => 'Doctrine\\ORM\\Cache\\Persister\\Entity\\NonStrictReadWriteCachedEntityPersister',
  21 => 'Doctrine\\ORM\\Cache\\Persister\\Entity\\ReadOnlyCachedEntityPersister',
  22 => 'Doctrine\\ORM\\Cache\\Persister\\Entity\\ReadWriteCachedEntityPersister',
  23 => 'Doctrine\\ORM\\Persisters\\Entity\\AbstractEntityInheritancePersister',
  24 => 'Doctrine\\ORM\\Persisters\\Entity\\BasicEntityPersister',
  25 => 'Doctrine\\ORM\\Persisters\\Entity\\CachedPersisterContext',
  26 => 'Doctrine\\ORM\\Persisters\\Entity\\EntityPersister',
  27 => 'Doctrine\\ORM\\Persisters\\Entity\\JoinedSubclassPersister',
  28 => 'Doctrine\\ORM\\Persisters\\Entity\\SingleTablePersister',
  30 => 'Symfony\\Bundle\\FrameworkBundle\\Controller\\ControllerResolver',
  31 => 'Symfony\\Bundle\\FrameworkBundle\\Controller\\RedirectController',
  32 => 'Symfony\\Bundle\\FrameworkBundle\\Controller\\TemplateController',
  33 => 'Symfony\\Component\\HttpKernel\\Controller\\ArgumentResolver',
  34 => 'Symfony\\Component\\HttpKernel\\Controller\\ArgumentResolverInterface',
  35 => 'Symfony\\Component\\HttpKernel\\Controller\\ArgumentResolver\\DefaultValueResolver',
  36 => 'Symfony\\Component\\HttpKernel\\Controller\\ArgumentResolver\\NotTaggedControllerValueResolver',
  37 => 'Symfony\\Component\\HttpKernel\\Controller\\ArgumentResolver\\RequestAttributeValueResolver',
  38 => 'Symfony\\Component\\HttpKernel\\Controller\\ArgumentResolver\\RequestValueResolver',
  39 => 'Symfony\\Component\\HttpKernel\\Controller\\ArgumentResolver\\ServiceValueResolver',
  40 => 'Symfony\\Component\\HttpKernel\\Controller\\ArgumentResolver\\SessionValueResolver',
  41 => 'Symfony\\Component\\HttpKernel\\Controller\\ArgumentResolver\\TraceableValueResolver',
  42 => 'Symfony\\Component\\HttpKernel\\Controller\\ArgumentResolver\\VariadicValueResolver',
  43 => 'Symfony\\Component\\HttpKernel\\Controller\\ArgumentValueResolverInterface',
  44 => 'Symfony\\Component\\HttpKernel\\Controller\\ContainerControllerResolver',
  45 => 'Symfony\\Component\\HttpKernel\\Controller\\ControllerReference',
  46 => 'Symfony\\Component\\HttpKernel\\Controller\\ControllerResolver',
  47 => 'Symfony\\Component\\HttpKernel\\Controller\\ControllerResolverInterface',
  48 => 'Symfony\\Component\\HttpKernel\\Controller\\ErrorController',
  49 => 'Symfony\\Component\\HttpKernel\\Controller\\TraceableArgumentResolver',
  50 => 'Symfony\\Component\\HttpKernel\\Controller\\TraceableControllerResolver',
  51 => 'Symfony\\Component\\Security\\Http\\Controller\\UserValueResolver',
  52 => 'Vich\\UploaderBundle\\Entity\\File',
);